==========================================================================
R1  DIFFERENT INTERPOLANT: Catmull-Rom bicubic instead of bilinear
==========================================================================

  bilinear p* = (46.086646, 12.152450)   theta 23.0433 deg
    bicubic p* = (46.336646, 11.902450)  order 2  changes 2  box 2.5e-01
    moved by 3.54e-01 index units = 636.40 arcsec in theta-equivalent
    bicubic shrink orders [2, 1, 1, 1, 1]  changes [4, 2, 0, 0, 0]
    bicubic wall: min gap 1.07e-04, max gap 1.61e-04

  bilinear p* = (49.617361, 63.760125)   theta 24.8087 deg
    bicubic p* = (49.632520, 63.723490)  order 2  changes 2  box 7.5e-09
    moved by 3.96e-02 index units = 71.37 arcsec in theta-equivalent
    bicubic shrink orders [2, 2, 2, 2, 2]  changes [6, 4, 2, 2, 2]
    bicubic wall: min gap 2.18e-11, max gap 5.74e-11

==========================================================================
R2  SCALE: smoothing sigma and noise floor
==========================================================================

  p* near theta 23.0433 deg
    sigma  10.0 px:  floors 2,3,4,5 sigma -> ['-', '-', '-', '2']
    sigma  12.0 px:  floors 2,3,4,5 sigma -> ['-', '-', '2', '2']
    sigma  15.0 px:  floors 2,3,4,5 sigma -> ['2', '2', '2', '2']
    sigma  18.0 px:  floors 2,3,4,5 sigma -> ['-', '-', '-', '-']
    sigma  22.0 px:  floors 2,3,4,5 sigma -> ['-', '-', '-', '-']

  p* near theta 24.8087 deg
    sigma  10.0 px:  floors 2,3,4,5 sigma -> ['-', '-', '-', '-']
    sigma  12.0 px:  floors 2,3,4,5 sigma -> ['-', '-', '-', '-']
    sigma  15.0 px:  floors 2,3,4,5 sigma -> ['-', '2', '2', '2']
    sigma  18.0 px:  floors 2,3,4,5 sigma -> ['2', '2', '2', '2']
    sigma  22.0 px:  floors 2,3,4,5 sigma -> ['2', '2', '2', '2']

==========================================================================
R3  SUBSAMPLE: half the gantry angles
==========================================================================

  keeping projections 0, 2, 4, ... (1.0 degree steps)
    theta 23.0433 deg: recovered at (46.15810,11.94887), moved 2.16e-01, order 2, changes 2
    theta 24.8087 deg: recovered at (49.55506,63.83931), moved 1.01e-01, order 2, changes 2

  keeping projections 1, 3, 5, ... (1.0 degree steps)
    theta 23.0433 deg: not recovered
    theta 24.8087 deg: not recovered
