
Are there knees in the vines, and is the monodromy carried by the critical points?

A knee is a corner in a vine, where a class changes which critical points it is
born at or dies at. Knees are the signature of PAIRING monodromy, where the
critical points stay put and the elder rule reassigns. Their absence points to
TRANSPORT monodromy, where the critical points move and trade places.

The answer here is that there are both, and they do different jobs.

Over T/3 the shape curve crosses four walls. At every wall two births coincide,
because a wall is an isosceles configuration and the reflection makes two peaks
equal. What differs is which two.

  The TOP two cross. One of them is the essential class, pinned at the infimum,
  and the other dies at a saddle near 1.03. Their births meet but the two diagram
  points stay 1.03 apart in death, so nothing is exchanged. The essential label
  passes from one body to the other, and the vine at death zero, whose birth is
  the running maximum of two crossing curves, turns a CORNER. This is a knee and
  it carries no transposition.

  The BOTTOM two cross. Neither is essential, both die at saddles, and at the
  wall their deaths agree as well as their births. The two diagram points collide
  to within 1e-07 and are EXCHANGED. This is a crossing and it carries a
  transposition.

Over T/3 there are two of each. The two transpositions compose to the 3-cycle, so
the monodromy comes entirely from the crossings, and the crossings are the maxima
themselves swapping places in the domain. Following the maxima by continuation
gives the same 3-cycle with a closing error of 4e-08, which is the direct answer:
yes, the monodromy is the monodromy of the individual critical points.

A wrong turn worth recording. The first version of this script identified which
saddle a class dies at by matching the merge tree's saddle position to the
nearest pair midpoint. In an elongated triangle two midpoints can be nearer the
same saddle, and the tie-break then flips every slice: it reported 175 "pairing
changes" that were an artifact of the matching. The check that exposed it was
that the two finite death values are never closer than 7.6e-04, so no genuine
reassignment could be happening without a visible jump in a vine.

==============================================================================
The four walls over T/3
==============================================================================
        s   pair       |db|       |dd|            rank                        event
   0.1400    0,2   3.01e-13   1.03e+00         top two   corner, essential transfer
   0.3900    0,1   3.37e-09   1.04e-07      bottom two     collision, transposition
   0.6400    1,2   4.53e-13   1.03e+00         top two   corner, essential transfer
   0.8900    0,2   4.31e-09   1.34e-07      bottom two     collision, transposition

  over T/3: 2 crossings, 2 corners
  over T:   6 crossings, 6 corners

==============================================================================
The corners, in detail
==============================================================================
  s = 0.1400: essential passes from body 0 to 2, deaths 0.00000 and 1.03137
    slope change in the essential vine's birth, relative to its own scale: 0.08
  s = 0.6400: essential passes from body 2 to 1, deaths 1.03137 and 0.00000
    slope change in the essential vine's birth, relative to its own scale: 0.04

==============================================================================
The crossings, in detail
==============================================================================
  s = 0.3900: bodies 0,1 separate by 1.04e-07 at the wall
    cost if each keeps its point 0.30304, if exchanged 0.00000
  s = 0.8900: bodies 0,2 separate by 1.34e-07 at the wall
    cost if each keeps its point 0.30304, if exchanged 0.00000

==============================================================================
The maxima in the domain
==============================================================================
  continuation permutation: [2, 0, 1]
  arc length travelled: [1.4911 1.7788 2.0744]
  closing error: 3.77e-08

  The maxima travel about two units each and land on each other's
  starting points. The two transpositions in the diagram are those
  exchanges, so the monodromy is carried by the critical points.
