
n=3: counts [3], closure 2.8e-15
  crest values at t=0 : [0.5995 0.76   1.2517]
  tracked permutation [0, 1, 2] -> order 1, [(0,), (1,), (2,)]
  point i starts at (birth,death) and ends at:
    0: (-1.2882,0.5995) -> (-1.2882,0.5995)
    1: (-0.8901,0.7600) -> (-0.8901,0.7600)
    2: (-1.3000,1.2517) -> (-1.3000,1.2517)

n=4: counts [4], closure 4.4e-16
  crest values at t=0 : [0.5143 0.8037 0.9103 1.8302]
  tracked permutation [0, 1, 2, 3] -> order 1, [(0,), (1,), (2,), (3,)]
  point i starts at (birth,death) and ends at:
    0: (-1.1247,0.5143) -> (-1.1247,0.5143)
    1: (-0.6243,0.8037) -> (-0.6243,0.8037)
    2: (-1.1753,0.9103) -> (-1.1753,0.9103)
    3: (-1.1831,1.8302) -> (-1.1831,1.8302)

n=5: counts [5], closure 1.6e-15
  crest values at t=0 : [0.5697 0.9477 0.9957 1.1645 1.3651]
  tracked permutation [0, 1, 2, 3, 4] -> order 1, [(0,), (1,), (2,), (3,), (4,)]
  point i starts at (birth,death) and ends at:
    0: (-0.4529,0.5697) -> (-0.4529,0.5697)
    1: (-0.9564,0.9477) -> (-0.9564,0.9477)
    2: (-0.9516,0.9957) -> (-0.9516,0.9957)
    3: (-1.2638,1.1645) -> (-1.2638,1.1645)
    4: (-1.3975,1.3651) -> (-1.3975,1.3651)
