
  N = 3: kernel-free limit predicts 12 walls
      sigma   walls    max distance to the predicted walls
       0.80      12                              0.000e+00
       0.40      12                              0.000e+00
       0.20      12                              0.000e+00
       0.10      12                              0.000e+00
       0.05      18                              3.817e-02   (count differs)

  N = 4: kernel-free limit predicts 24 walls
      sigma   walls    max distance to the predicted walls
       0.80      24                              3.334e-02
       0.40      24                              7.168e-03
       0.20      24                              6.668e-04
       0.10      24                              1.667e-04
       0.05      30                              1.334e-02   (count differs)

  N = 5: kernel-free limit predicts 44 walls
      sigma   walls    max distance to the predicted walls
       0.80      36                              2.534e-02   (count differs)
       0.40      36                              7.835e-03   (count differs)
       0.20      44                              2.167e-03
       0.10      44                              1.667e-04
       0.05      44                              0.000e+00

  N = 6: kernel-free limit predicts 120 walls
      sigma   walls    max distance to the predicted walls
       0.80      64                              1.634e-02   (count differs)
       0.40     100                              1.184e-02   (count differs)
       0.20     104                              2.167e-03   (count differs)
       0.10     108                              5.001e-04   (count differs)
       0.05     112                              1.667e-04   (count differs)
