==========================================================================
1. Are the vineyard crossings the isosceles configurations?
==========================================================================
  isosceles configurations in one period: 12
  vineyard birth crossings in one period: 12   (sigma = 0.30)

   t/T (vineyard)   strands      t/T (isosceles)   apex body   |diff|
       0.00000      (0, 1)         0.00000          2        0.00e+00
       0.08333      (1, 2)         0.08333          0        2.32e-12
       0.16667      (0, 2)         0.16667          1        9.69e-15
       0.25000      (0, 1)         0.25000          2        1.22e-12
       0.33333      (1, 2)         0.33333          0        3.73e-14
       0.41667      (0, 2)         0.41667          1        1.09e-12
       0.50000      (0, 1)         0.50000          2        7.26e-14
       0.58333      (1, 2)         0.58333          0        3.77e-12
       0.66667      (0, 2)         0.66667          1        9.27e-14
       0.75000      (0, 1)         0.75000          2        1.14e-12
       0.83333      (1, 2)         0.83333          0        9.95e-14
       0.91667      (0, 2)         0.91667          1        1.52e-12

  worst mismatch between the two lists: 3.77e-12 of a period
  the pair of strands that cross is always the pair NOT at the apex,
  which is what h_i - h_j = K(r_ik) - K(r_jk) predicts

==========================================================================
2. Does the count match the braid?
==========================================================================
  vineyard braid over the FULL period: 11 crossings, s2^-1 s1 s2^-1 s1 s2^-1 s1 s2^-1 s1 s2^-1 s1 s2^-1
  isosceles configurations per period:  12
  trajectory braid over the full period: 6 crossings

==========================================================================
3. Is the crossing pattern independent of the kernel width?
==========================================================================
  sigma 0.18: 98 crossings   (reference)
  sigma 0.22: 18 crossings, count differs
  sigma 0.26: 13 crossings, count differs
  sigma 0.30: 12 crossings, count differs
  sigma 0.34: 12 crossings, count differs

  isosceles times, which contain no sigma at all:
    [0.      0.08333 0.16667 0.25    0.33333 0.41667 0.5     0.58333 0.66667
 0.75    0.83333 0.91667]
